  Determining projects to restore...
  All projects are up-to-date for restore.
  RuneAndRust.Core -> /app/RuneAndRust.Core/bin/Debug/net8.0/RuneAndRust.Core.dll
  RuneAndRust.Persistence -> /app/RuneAndRust.Persistence/bin/Debug/net8.0/RuneAndRust.Persistence.dll
  RuneAndRust.Engine -> /app/RuneAndRust.Engine/bin/Debug/net8.0/RuneAndRust.Engine.dll
/app/RuneAndRust.DesktopUI/ViewModels/CombatViewModel.cs(923,59): error CS7036: There is no argument given that corresponds to the required parameter 'enemyName' of 'CombatFlavorTextService.GeneratePlayerAttackText(WeaponType, string, string, CombatOutcome)' [/app/RuneAndRust.DesktopUI/RuneAndRust.DesktopUI.csproj]
/app/RuneAndRust.DesktopUI/ViewModels/CombatViewModel.cs(931,83): error CS1503: Argument 1: cannot convert from 'string' to 'RuneAndRust.Core.CombatFlavor.EnemyArchetype' [/app/RuneAndRust.DesktopUI/RuneAndRust.DesktopUI.csproj]
/app/RuneAndRust.DesktopUI/ViewModels/DungeonExplorationViewModel.cs(1069,37): error CS0019: Operator '??' cannot be applied to operands of type 'RoomArchetype' and 'string' [/app/RuneAndRust.DesktopUI/RuneAndRust.DesktopUI.csproj]
/app/RuneAndRust.DesktopUI/ViewModels/DungeonExplorationViewModel.cs(1128,86): error CS1061: 'DynamicHazard' does not contain a definition for 'Name' and no accessible extension method 'Name' accepting a first argument of type 'DynamicHazard' could be found (are you missing a using directive or an assembly reference?) [/app/RuneAndRust.DesktopUI/RuneAndRust.DesktopUI.csproj]
/app/RuneAndRust.DesktopUI/ViewModels/DungeonExplorationViewModel.cs(1134,92): error CS1061: 'AmbientCondition' does not contain a definition for 'Name' and no accessible extension method 'Name' accepting a first argument of type 'AmbientCondition' could be found (are you missing a using directive or an assembly reference?) [/app/RuneAndRust.DesktopUI/RuneAndRust.DesktopUI.csproj]
/app/RuneAndRust.DesktopUI/ViewModels/DungeonExplorationViewModel.cs(1260,56): error CS1503: Argument 3: cannot convert from 'string' to 'int' [/app/RuneAndRust.DesktopUI/RuneAndRust.DesktopUI.csproj]
/app/RuneAndRust.DesktopUI/ViewModels/DungeonExplorationViewModel.cs(1290,83): error CS1061: 'LootNode' does not contain a definition for 'Type' and no accessible extension method 'Type' accepting a first argument of type 'LootNode' could be found (are you missing a using directive or an assembly reference?) [/app/RuneAndRust.DesktopUI/RuneAndRust.DesktopUI.csproj]
/app/RuneAndRust.DesktopUI/ViewModels/DungeonExplorationViewModel.cs(1302,55): error CS1061: 'DynamicHazard' does not contain a definition for 'Name' and no accessible extension method 'Name' accepting a first argument of type 'DynamicHazard' could be found (are you missing a using directive or an assembly reference?) [/app/RuneAndRust.DesktopUI/RuneAndRust.DesktopUI.csproj]
/app/RuneAndRust.DesktopUI/ViewModels/DungeonExplorationViewModel.cs(1317,32): error CS0029: Cannot implicitly convert type 'RuneAndRust.Core.ExaminationFlavor.ExaminationLoreFragment' to 'string' [/app/RuneAndRust.DesktopUI/RuneAndRust.DesktopUI.csproj]
/app/RuneAndRust.DesktopUI/ViewModels/DungeonExplorationViewModel.cs(1317,32): warning CS8600: Converting null literal or possible null value to non-nullable type. [/app/RuneAndRust.DesktopUI/RuneAndRust.DesktopUI.csproj]
