  Determining projects to restore...
  All projects are up-to-date for restore.
  RuneAndRust.Core -> /app/RuneAndRust.Core/bin/Debug/net8.0/RuneAndRust.Core.dll
  RuneAndRust.Persistence -> /app/RuneAndRust.Persistence/bin/Debug/net8.0/RuneAndRust.Persistence.dll
/app/RuneAndRust.Engine/VeidimadurService.cs(384,13): warning CS0219: The variable 'focusCost' is assigned but its value is never used [/app/RuneAndRust.Engine/RuneAndRust.Engine.csproj]
/app/RuneAndRust.Engine/RunasmidrAbilityHandler.cs(74,84): warning CS8604: Possible null reference argument for parameter 'grid' in 'TrapPlacementResult TrapService.PlaceTrap(string casterName, string casterId, GridPosition targetPosition, BattlefieldGrid grid, BattlefieldTrap trap)'. [/app/RuneAndRust.Engine/RuneAndRust.Engine.csproj]
/app/RuneAndRust.Engine/RunasmidrAbilityHandler.cs(121,84): warning CS8604: Possible null reference argument for parameter 'grid' in 'TrapPlacementResult TrapService.PlaceTrap(string casterName, string casterId, GridPosition targetPosition, BattlefieldGrid grid, BattlefieldTrap trap)'. [/app/RuneAndRust.Engine/RuneAndRust.Engine.csproj]
/app/RuneAndRust.Engine/RunasmidrAbilityHandler.cs(168,84): warning CS8604: Possible null reference argument for parameter 'grid' in 'TrapPlacementResult TrapService.PlaceTrap(string casterName, string casterId, GridPosition targetPosition, BattlefieldGrid grid, BattlefieldTrap trap)'. [/app/RuneAndRust.Engine/RuneAndRust.Engine.csproj]
/app/RuneAndRust.Engine/ResourceNodeService.cs(207,68): warning CS8604: Possible null reference argument for parameter 'mechanics' in 'string ResourceNodeService.GetMechanicString(Dictionary<string, JsonElement> mechanics, string key)'. [/app/RuneAndRust.Engine/RuneAndRust.Engine.csproj]
/app/RuneAndRust.Engine/PowerConduitService.cs(41,28): warning CS8602: Dereference of a possibly null reference. [/app/RuneAndRust.Engine/RuneAndRust.Engine.csproj]
/app/RuneAndRust.Engine/PowerConduitService.cs(73,34): warning CS8602: Dereference of a possibly null reference. [/app/RuneAndRust.Engine/RuneAndRust.Engine.csproj]
/app/RuneAndRust.Engine/PowerConduitService.cs(103,34): warning CS8602: Dereference of a possibly null reference. [/app/RuneAndRust.Engine/RuneAndRust.Engine.csproj]
/app/RuneAndRust.Engine/MyrkgengrService.cs(519,17): warning CS0219: The variable 'focusCost' is assigned but its value is never used [/app/RuneAndRust.Engine/RuneAndRust.Engine.csproj]
/app/RuneAndRust.Engine/JotunheimBiomeService.cs(219,26): warning CS8602: Dereference of a possibly null reference. [/app/RuneAndRust.Engine/RuneAndRust.Engine.csproj]
/app/RuneAndRust.Engine/JotunheimBiomeService.cs(256,29): warning CS8602: Dereference of a possibly null reference. [/app/RuneAndRust.Engine/RuneAndRust.Engine.csproj]
/app/RuneAndRust.Engine/JotunheimBiomeService.cs(326,30): warning CS8602: Dereference of a possibly null reference. [/app/RuneAndRust.Engine/RuneAndRust.Engine.csproj]
/app/RuneAndRust.Engine/MuspelheimBiomeService.cs(913,36): warning CS8601: Possible null reference assignment. [/app/RuneAndRust.Engine/RuneAndRust.Engine.csproj]
/app/RuneAndRust.Engine/JotunheimBiomeService.cs(354,33): warning CS8602: Dereference of a possibly null reference. [/app/RuneAndRust.Engine/RuneAndRust.Engine.csproj]
/app/RuneAndRust.Engine/JotunheimBiomeService.cs(399,32): warning CS8602: Dereference of a possibly null reference. [/app/RuneAndRust.Engine/RuneAndRust.Engine.csproj]
/app/RuneAndRust.Engine/JotunheimBiomeService.cs(442,28): warning CS8602: Dereference of a possibly null reference. [/app/RuneAndRust.Engine/RuneAndRust.Engine.csproj]
/app/RuneAndRust.Engine/HlekkmasterService.cs(42,12): warning CS8618: Non-nullable field '_statusEffectService' must contain a non-null value when exiting constructor. Consider adding the 'required' modifier or declaring the field as nullable. [/app/RuneAndRust.Engine/RuneAndRust.Engine.csproj]
/app/RuneAndRust.Engine/JotunheimBiomeService.cs(476,25): warning CS8602: Dereference of a possibly null reference. [/app/RuneAndRust.Engine/RuneAndRust.Engine.csproj]
/app/RuneAndRust.Engine/JotunheimBiomeService.cs(512,25): warning CS8602: Dereference of a possibly null reference. [/app/RuneAndRust.Engine/RuneAndRust.Engine.csproj]
/app/RuneAndRust.Engine/Commands/StanceCommand.cs(65,55): warning CS8604: Possible null reference argument for parameter 'character' in 'bool StanceService.SwitchStance(PlayerCharacter character, StanceType newStanceType, CombatState? combatState = null)'. [/app/RuneAndRust.Engine/RuneAndRust.Engine.csproj]
/app/RuneAndRust.Engine/Commands/AttackCommand.cs(94,17): warning CS8602: Dereference of a possibly null reference. [/app/RuneAndRust.Engine/RuneAndRust.Engine.csproj]
/app/RuneAndRust.Engine/Commands/AbilityCommand.cs(67,39): warning CS8604: Possible null reference argument for parameter 'player' in 'Ability? AbilityCommand.FindAbility(PlayerCharacter player, string abilityName)'. [/app/RuneAndRust.Engine/RuneAndRust.Engine.csproj]
/app/RuneAndRust.Engine/Commands/SearchCommand.cs(157,17): warning CS8602: Dereference of a possibly null reference. [/app/RuneAndRust.Engine/RuneAndRust.Engine.csproj]
/app/RuneAndRust.Engine/Commands/BlockCommand.cs(68,65): warning CS8602: Dereference of a possibly null reference. [/app/RuneAndRust.Engine/RuneAndRust.Engine.csproj]
/app/RuneAndRust.Engine/Commands/SearchCommand.cs(233,13): warning CS8602: Dereference of a possibly null reference. [/app/RuneAndRust.Engine/RuneAndRust.Engine.csproj]
/app/RuneAndRust.Engine/Commands/FleeCommand.cs(77,70): warning CS8602: Dereference of a possibly null reference. [/app/RuneAndRust.Engine/RuneAndRust.Engine.csproj]
/app/RuneAndRust.Engine/Commands/FleeCommand.cs(97,66): warning CS8602: Dereference of a possibly null reference. [/app/RuneAndRust.Engine/RuneAndRust.Engine.csproj]
/app/RuneAndRust.Engine/Commands/GoCommand.cs(43,18): warning CS8602: Dereference of a possibly null reference. [/app/RuneAndRust.Engine/RuneAndRust.Engine.csproj]
/app/RuneAndRust.Engine/Commands/ParryCommand.cs(67,65): warning CS8602: Dereference of a possibly null reference. [/app/RuneAndRust.Engine/RuneAndRust.Engine.csproj]
/app/RuneAndRust.Engine/EnemyAI.cs(2347,20): warning CS8604: Possible null reference argument for parameter 'source' in 'object? Enumerable.FirstOrDefault<object>(IEnumerable<object> source)'. [/app/RuneAndRust.Engine/RuneAndRust.Engine.csproj]
/app/RuneAndRust.Engine/EnemyAI.TacticalAI.cs(78,53): warning CS8604: Possible null reference argument for parameter 'grid' in 'object EnemyAI.SelectTarget(Enemy enemy, List<object> playerParty, BattlefieldGrid grid, FormationService formationService)'. [/app/RuneAndRust.Engine/RuneAndRust.Engine.csproj]
/app/RuneAndRust.Engine/EnemyAI.TacticalAI.cs(137,53): warning CS8604: Possible null reference argument for parameter 'grid' in 'object EnemyAI.SelectTarget(Enemy enemy, List<object> playerParty, BattlefieldGrid grid, FormationService formationService)'. [/app/RuneAndRust.Engine/RuneAndRust.Engine.csproj]
/app/RuneAndRust.Engine/CombatEngine_GaldrFlavorExtensions.cs(225,28): warning CS8604: Possible null reference argument for parameter 'biomeName' in 'string GaldrFlavorTextService.GenerateGaldrEnvironmentalReaction(string biomeName, string? runeSchool = null, string? element = null, string? reactionType = null)'. [/app/RuneAndRust.Engine/RuneAndRust.Engine.csproj]
  RuneAndRust.Engine -> /app/RuneAndRust.Engine/bin/Debug/net8.0/RuneAndRust.Engine.dll
/app/RuneAndRust.DesktopUI/ViewModels/DungeonExplorationViewModel.cs(1069,37): error CS0019: Operator '??' cannot be applied to operands of type 'RoomArchetype' and 'string' [/app/RuneAndRust.DesktopUI/RuneAndRust.DesktopUI.csproj]
/app/RuneAndRust.DesktopUI/ViewModels/DungeonExplorationViewModel.cs(1128,86): error CS1061: 'DynamicHazard' does not contain a definition for 'Name' and no accessible extension method 'Name' accepting a first argument of type 'DynamicHazard' could be found (are you missing a using directive or an assembly reference?) [/app/RuneAndRust.DesktopUI/RuneAndRust.DesktopUI.csproj]
/app/RuneAndRust.DesktopUI/ViewModels/DungeonExplorationViewModel.cs(1134,92): error CS1061: 'AmbientCondition' does not contain a definition for 'Name' and no accessible extension method 'Name' accepting a first argument of type 'AmbientCondition' could be found (are you missing a using directive or an assembly reference?) [/app/RuneAndRust.DesktopUI/RuneAndRust.DesktopUI.csproj]
/app/RuneAndRust.DesktopUI/ViewModels/DungeonExplorationViewModel.cs(1260,56): error CS1503: Argument 3: cannot convert from 'string' to 'int' [/app/RuneAndRust.DesktopUI/RuneAndRust.DesktopUI.csproj]
/app/RuneAndRust.DesktopUI/ViewModels/DungeonExplorationViewModel.cs(1290,83): error CS1061: 'LootNode' does not contain a definition for 'Type' and no accessible extension method 'Type' accepting a first argument of type 'LootNode' could be found (are you missing a using directive or an assembly reference?) [/app/RuneAndRust.DesktopUI/RuneAndRust.DesktopUI.csproj]
/app/RuneAndRust.DesktopUI/ViewModels/DungeonExplorationViewModel.cs(1302,55): error CS1061: 'DynamicHazard' does not contain a definition for 'Name' and no accessible extension method 'Name' accepting a first argument of type 'DynamicHazard' could be found (are you missing a using directive or an assembly reference?) [/app/RuneAndRust.DesktopUI/RuneAndRust.DesktopUI.csproj]
/app/RuneAndRust.DesktopUI/ViewModels/DungeonExplorationViewModel.cs(1317,32): error CS0029: Cannot implicitly convert type 'RuneAndRust.Core.ExaminationFlavor.ExaminationLoreFragment' to 'string' [/app/RuneAndRust.DesktopUI/RuneAndRust.DesktopUI.csproj]
/app/RuneAndRust.DesktopUI/ViewModels/DungeonExplorationViewModel.cs(1317,32): warning CS8600: Converting null literal or possible null value to non-nullable type. [/app/RuneAndRust.DesktopUI/RuneAndRust.DesktopUI.csproj]
/app/RuneAndRust.DesktopUI/ViewModels/CombatViewModel.cs(923,59): error CS7036: There is no argument given that corresponds to the required parameter 'enemyName' of 'CombatFlavorTextService.GeneratePlayerAttackText(WeaponType, string, string, CombatOutcome)' [/app/RuneAndRust.DesktopUI/RuneAndRust.DesktopUI.csproj]
/app/RuneAndRust.DesktopUI/ViewModels/CombatViewModel.cs(931,83): error CS1503: Argument 1: cannot convert from 'string' to 'RuneAndRust.Core.CombatFlavor.EnemyArchetype' [/app/RuneAndRust.DesktopUI/RuneAndRust.DesktopUI.csproj]
